// Jest Snapshot v1, https://goo.gl/fbAQLP

exports[`<Nav /> should render correctly 1`] = `
<nav
  class="navbar navbar-fixed-top main-navigation navbar-solid"
  id="fixedTopNav"
  itemtype="https://schema.org/SiteNavigationElement"
  role="navigation"
  style="opacity: 0.9;"
>
  <div
    class="container-fluid"
  >
    <div
      class="navbar-header"
    >
      <div
        class="navbar-brand"
        itemtype="https://schema.org/Organization"
        style="padding: 5px 15px 5px;"
      >
        <span
          class="sr-only"
        >
          #VetsWhoCode
        </span>
        <a
          href="/"
          id="navbar-brand"
        >
          <div
            style="display: inline-block; max-width: 100%; overflow: hidden; position: relative; box-sizing: border-box; margin: 0px;"
          >
            <div
              style="box-sizing: border-box; display: block; max-width: 100%;"
            >
              <img
                alt=""
                aria-hidden="true"
                role="presentation"
                src="data:image/svg+xml;base64,PHN2ZyB3aWR0aD0iNDAiIGhlaWdodD0iNDAiIHhtbG5zPSJodHRwOi8vd3d3LnczLm9yZy8yMDAwL3N2ZyIgdmVyc2lvbj0iMS4xIi8+"
                style="max-width: 100%; display: block;"
              />
            </div>
            <img
              alt="#VetsWhoCode Logo"
              class="logo_holder"
              decoding="async"
              src="data:image/gif;base64,R0lGODlhAQABAIAAAAAAAP///yH5BAEAAAAALAAAAAABAAEAAAIBRAA7"
              style="visibility: hidden; position: absolute; top: 0px; left: 0px; bottom: 0px; right: 0px; box-sizing: border-box; padding: 0px; margin: auto; display: block; width: 0px; height: 0px; min-width: 100%; max-width: 100%; min-height: 100%; max-height: 100%;"
            />
          </div>
          <div
            class="homeLink"
          >
            VetsWhoCode
          </div>
        </a>
      </div>
      <button
        aria-expanded="false"
        class="navbar-toggle collapsed hamburger "
        id="hamburger-1"
        type="button"
      >
        <span
          class="line"
        />
        <span
          class="line"
        />
        <span
          class="line"
        />
        <span
          class="sr-only"
        >
          #VetsWhoCode
        </span>
      </button>
    </div>
    <div
      aria-expanded="false"
      class="navbar-collapse collapse "
      id="main-nav-collapse"
    >
      <ul
        class="nav navbar-nav navbar-right"
        id="navbar-list"
        role="menu"
      >
        <li
          class="nav"
          role="menuitem"
        >
          <a>
            <span />
          </a>
        </li>
        <li
          class="nav"
          role="menuitem"
        >
          <a
            href="/"
          >
            <span>
              Home
            </span>
          </a>
        </li>
        <li
          class="nav"
          role="menuitem"
        >
          <a
            href="/about"
          >
            <span>
              About
            </span>
          </a>
        </li>
        <li
          class="nav"
          role="menuitem"
        >
          <a
            href="/board"
          >
            <span>
              Board
            </span>
          </a>
        </li>
        <li
          class="nav"
          role="menuitem"
        >
          <a
            href="/testimonials"
          >
            <span>
              Testimonials
            </span>
          </a>
        </li>
        <li
          class="nav"
          role="menuitem"
        >
          <a
            href="/syllabus"
          >
            <span>
              Syllabus
            </span>
          </a>
        </li>
        <li
          class="nav"
          role="menuitem"
        >
          <a
            href="/mentor"
          >
            <span>
              Mentor
            </span>
          </a>
        </li>
        <li
          class="nav"
          role="menuitem"
        >
          <a
            href="/apply"
          >
            <span>
              Apply
            </span>
          </a>
        </li>
        <li
          class="nav"
          role="menuitem"
        >
          <a
            href="/contact"
          >
            <span>
              Contact
            </span>
          </a>
        </li>
        <li
          class="nav"
          role="menuitem"
        >
          <a
            href="/blog/1"
          >
            <span>
              Blog
            </span>
          </a>
        </li>
        <li
          class="donate"
          role="menuitem"
        >
          <a
            href="/donate"
          >
            <span>
              Donate
            </span>
          </a>
        </li>
      </ul>
    </div>
  </div>
</nav>
`;
